{"task": "synthetic", "mode": "mechanism_blank", "seed": 11, "fold": "worlds", "dev_loss": -1.6363602876663208, "selected_step": 1200, "parameters": 21934, "seconds": 10.694708347320557, "loss": -1.7467565536499023, "mse": 0.03880438208580017, "best_candidate_mse": 0.005932995583862066, "ambiguous_nll": -1.69578218460083, "ambiguous_mean_mse": 0.041830625385046005, "support_nll": -1.7977309226989746, "support_mean_mse": 0.03577813506126404, "ambiguous_world_coverage": 0.9766666889190674}
{"task": "synthetic", "mode": "mechanism_feedback", "seed": 11, "fold": "worlds", "dev_loss": -1.6666667461395264, "selected_step": 1200, "parameters": 21934, "seconds": 10.278891801834106, "loss": -1.7977197170257568, "mse": 0.04055466130375862, "best_candidate_mse": 0.004994851071387529, "ambiguous_nll": -1.7803468704223633, "ambiguous_mean_mse": 0.04270150884985924, "support_nll": -1.8150928020477295, "support_mean_mse": 0.0384078212082386, "ambiguous_world_coverage": 0.9800000190734863}
{"task": "synthetic", "mode": "mechanism_blank", "seed": 22, "fold": "worlds", "dev_loss": -1.6915229558944702, "selected_step": 1200, "parameters": 21934, "seconds": 10.730633020401001, "loss": -1.813777208328247, "mse": 0.03965691477060318, "best_candidate_mse": 0.004563401453197002, "ambiguous_nll": -1.7914282083511353, "ambiguous_mean_mse": 0.042867280542850494, "support_nll": -1.8361258506774902, "support_mean_mse": 0.036446548998355865, "ambiguous_world_coverage": 0.996666669845581}
{"task": "synthetic", "mode": "mechanism_feedback", "seed": 22, "fold": "worlds", "dev_loss": -1.6168748140335083, "selected_step": 1100, "parameters": 21934, "seconds": 9.815945148468018, "loss": -1.7220150232315063, "mse": 0.03963451087474823, "best_candidate_mse": 0.0064263795502483845, "ambiguous_nll": -1.6671661138534546, "ambiguous_mean_mse": 0.042368084192276, "support_nll": -1.7768638134002686, "support_mean_mse": 0.03690094128251076, "ambiguous_world_coverage": 0.9566666483879089}
{"task": "synthetic", "mode": "mechanism_blank", "seed": 33, "fold": "worlds", "dev_loss": -1.6891810894012451, "selected_step": 1200, "parameters": 21934, "seconds": 10.027426719665527, "loss": -1.749840497970581, "mse": 0.04157066345214844, "best_candidate_mse": 0.005560009740293026, "ambiguous_nll": -1.7296885251998901, "ambiguous_mean_mse": 0.04427230358123779, "support_nll": -1.7699928283691406, "support_mean_mse": 0.03886902332305908, "ambiguous_world_coverage": 0.9900000095367432}
{"task": "synthetic", "mode": "mechanism_feedback", "seed": 33, "fold": "worlds", "dev_loss": -1.6558692455291748, "selected_step": 1100, "parameters": 21934, "seconds": 10.331530570983887, "loss": -1.7472670078277588, "mse": 0.039122629910707474, "best_candidate_mse": 0.00599942309781909, "ambiguous_nll": -1.7118622064590454, "ambiguous_mean_mse": 0.04293368384242058, "support_nll": -1.7826716899871826, "support_mean_mse": 0.03531157597899437, "ambiguous_world_coverage": 0.9766666889190674}
{"task": "real", "mode": "mechanism_blank", "seed": 11, "fold": "akt", "dev_loss": 0.37294116616249084, "selected_step": 700, "parameters": 46351, "seconds": 10.364826917648315, "loss": 0.4561828374862671, "mse": 0.4561828374862671}
{"task": "real", "mode": "mechanism_feedback", "seed": 11, "fold": "akt", "dev_loss": 0.3742179870605469, "selected_step": 700, "parameters": 46351, "seconds": 9.93568229675293, "loss": 0.4587864875793457, "mse": 0.4587864875793457}
{"task": "real", "mode": "mechanism_blank", "seed": 22, "fold": "akt", "dev_loss": 0.3731275796890259, "selected_step": 600, "parameters": 46351, "seconds": 9.877132177352905, "loss": 0.4441915452480316, "mse": 0.4441915452480316}
{"task": "real", "mode": "mechanism_feedback", "seed": 22, "fold": "akt", "dev_loss": 0.3730807304382324, "selected_step": 800, "parameters": 46351, "seconds": 9.70917296409607, "loss": 0.4848267138004303, "mse": 0.4848267138004303}
{"task": "real", "mode": "mechanism_blank", "seed": 33, "fold": "akt", "dev_loss": 0.3691249191761017, "selected_step": 800, "parameters": 46351, "seconds": 10.297580003738403, "loss": 0.43320751190185547, "mse": 0.43320751190185547}
{"task": "real", "mode": "mechanism_feedback", "seed": 33, "fold": "akt", "dev_loss": 0.37044769525527954, "selected_step": 700, "parameters": 46351, "seconds": 9.88476014137268, "loss": 0.45119956135749817, "mse": 0.45119956135749817}
{"task": "real", "mode": "mechanism_blank", "seed": 11, "fold": "pkc", "dev_loss": 0.6611823439598083, "selected_step": 800, "parameters": 46351, "seconds": 11.405396699905396, "loss": 3.8201911449432373, "mse": 3.8201911449432373}
{"task": "real", "mode": "mechanism_feedback", "seed": 11, "fold": "pkc", "dev_loss": 0.6681933999061584, "selected_step": 700, "parameters": 46351, "seconds": 11.552709102630615, "loss": 4.034395694732666, "mse": 4.034395694732666}
{"task": "real", "mode": "mechanism_blank", "seed": 22, "fold": "pkc", "dev_loss": 0.6670446395874023, "selected_step": 700, "parameters": 46351, "seconds": 10.104012489318848, "loss": 3.9348788261413574, "mse": 3.9348788261413574}
{"task": "real", "mode": "mechanism_feedback", "seed": 22, "fold": "pkc", "dev_loss": 0.6725810170173645, "selected_step": 500, "parameters": 46351, "seconds": 9.500467777252197, "loss": 3.8155033588409424, "mse": 3.8155033588409424}
{"task": "real", "mode": "mechanism_blank", "seed": 33, "fold": "pkc", "dev_loss": 0.6642128825187683, "selected_step": 500, "parameters": 46351, "seconds": 9.695549726486206, "loss": 3.7243945598602295, "mse": 3.7243945598602295}
{"task": "real", "mode": "mechanism_feedback", "seed": 33, "fold": "pkc", "dev_loss": 0.6640124320983887, "selected_step": 500, "parameters": 46351, "seconds": 10.214704751968384, "loss": 3.515591859817505, "mse": 3.515591859817505}
{"task": "real", "mode": "mechanism_blank", "seed": 11, "fold": "pip2", "dev_loss": 0.40920084714889526, "selected_step": 700, "parameters": 46351, "seconds": 10.055431842803955, "loss": 0.7533543109893799, "mse": 0.7533543109893799}
{"task": "real", "mode": "mechanism_feedback", "seed": 11, "fold": "pip2", "dev_loss": 0.4033883512020111, "selected_step": 700, "parameters": 46351, "seconds": 9.639016151428223, "loss": 0.7630467414855957, "mse": 0.7630467414855957}
{"task": "real", "mode": "mechanism_blank", "seed": 22, "fold": "pip2", "dev_loss": 0.40048477053642273, "selected_step": 600, "parameters": 46351, "seconds": 9.765266180038452, "loss": 0.7400773167610168, "mse": 0.7400773167610168}
{"task": "real", "mode": "mechanism_feedback", "seed": 22, "fold": "pip2", "dev_loss": 0.4029442071914673, "selected_step": 400, "parameters": 46351, "seconds": 10.645378828048706, "loss": 0.6739825010299683, "mse": 0.6739825010299683}
{"task": "real", "mode": "mechanism_blank", "seed": 33, "fold": "pip2", "dev_loss": 0.40204867720603943, "selected_step": 800, "parameters": 46351, "seconds": 9.912541627883911, "loss": 0.7884626984596252, "mse": 0.7884626984596252}
{"task": "real", "mode": "mechanism_feedback", "seed": 33, "fold": "pip2", "dev_loss": 0.39989736676216125, "selected_step": 800, "parameters": 46351, "seconds": 9.689300537109375, "loss": 0.7824498414993286, "mse": 0.7824498414993286}
{"task": "real", "mode": "mechanism_blank", "seed": 11, "fold": "mek", "dev_loss": 0.3512004613876343, "selected_step": 600, "parameters": 46351, "seconds": 9.51090407371521, "loss": 1.8094470500946045, "mse": 1.8094470500946045}
{"task": "real", "mode": "mechanism_feedback", "seed": 11, "fold": "mek", "dev_loss": 0.3428513705730438, "selected_step": 800, "parameters": 46351, "seconds": 9.570400714874268, "loss": 1.8441942930221558, "mse": 1.8441942930221558}
{"task": "real", "mode": "mechanism_blank", "seed": 22, "fold": "mek", "dev_loss": 0.3507017195224762, "selected_step": 800, "parameters": 46351, "seconds": 9.505702018737793, "loss": 1.6820197105407715, "mse": 1.6820197105407715}
{"task": "real", "mode": "mechanism_feedback", "seed": 22, "fold": "mek", "dev_loss": 0.3442815840244293, "selected_step": 800, "parameters": 46351, "seconds": 9.440289735794067, "loss": 1.7270307540893555, "mse": 1.7270307540893555}
{"task": "real", "mode": "mechanism_blank", "seed": 33, "fold": "mek", "dev_loss": 0.3483376204967499, "selected_step": 800, "parameters": 46351, "seconds": 9.673514127731323, "loss": 1.7830039262771606, "mse": 1.7830039262771606}
{"task": "real", "mode": "mechanism_feedback", "seed": 33, "fold": "mek", "dev_loss": 0.3472481071949005, "selected_step": 700, "parameters": 46351, "seconds": 9.513108491897583, "loss": 1.8285510540008545, "mse": 1.8285510540008545}
{"task": "real", "mode": "mechanism_blank", "seed": 11, "fold": "pka", "dev_loss": 0.4126850962638855, "selected_step": 600, "parameters": 46351, "seconds": 9.915226459503174, "loss": 1.4631704092025757, "mse": 1.4631704092025757}
{"task": "real", "mode": "mechanism_feedback", "seed": 11, "fold": "pka", "dev_loss": 0.4169985353946686, "selected_step": 600, "parameters": 46351, "seconds": 9.80873990058899, "loss": 1.4345693588256836, "mse": 1.4345693588256836}
{"task": "real", "mode": "mechanism_blank", "seed": 22, "fold": "pka", "dev_loss": 0.41408491134643555, "selected_step": 800, "parameters": 46351, "seconds": 11.31392240524292, "loss": 1.5072941780090332, "mse": 1.5072941780090332}
{"task": "real", "mode": "mechanism_feedback", "seed": 22, "fold": "pka", "dev_loss": 0.40983521938323975, "selected_step": 600, "parameters": 46351, "seconds": 9.602487087249756, "loss": 1.571759819984436, "mse": 1.571759819984436}
{"task": "real", "mode": "mechanism_blank", "seed": 33, "fold": "pka", "dev_loss": 0.41474828124046326, "selected_step": 700, "parameters": 46351, "seconds": 9.633646965026855, "loss": 1.4518481492996216, "mse": 1.4518481492996216}
{"task": "real", "mode": "mechanism_feedback", "seed": 33, "fold": "pka", "dev_loss": 0.41285860538482666, "selected_step": 700, "parameters": 46351, "seconds": 10.121140480041504, "loss": 1.5223358869552612, "mse": 1.5223358869552612}
COMPLETE
