{
  "gate": {
    "phase": "A",
    "base_gate": true,
    "absolute_extrapolation_gate": true,
    "relative_advantage_gate": false,
    "gate_pass": false,
    "thresholds": {
      "base_accuracy": 0.98,
      "long_accuracy": 0.9,
      "advantage": 0.05
    },
    "independent_seeds": 5,
    "test_rules_per_seed": 512,
    "long_lengths": [
      8,
      10,
      12
    ],
    "main_predictions": 563200,
    "optimizer_updates": 12970,
    "next_phase": "STOP_AFTER_A_DIAGNOSIS"
  },
  "seeds": [
    {
      "seed": 101,
      "base_validation_accuracy": 1.0,
      "rtg_selected_batch": 1200,
      "recurrent_selected_batch": 1200,
      "rtg_optimizer_updates": 884,
      "recurrent_optimizer_updates": 884,
      "adapter_trainable_parameters": 2836,
      "base_parameters": 1290,
      "base_update_fraction": 0.0,
      "base_only_long": 0.19140625,
      "iterated_base_long": 1.0,
      "rtg_step0_long": 0.9339192708333334,
      "rtg_full_long": 1.0,
      "rtg_no_write_long": 1.0,
      "rtg_no_inheritance_long": 1.0,
      "rtg_reset_m_long": 1.0,
      "rtg_gamma_zero_long": 1.0,
      "rtg_unbounded_long": 1.0,
      "recurrent_long": 1.0,
      "full_minus_recurrent_pp": 0.0,
      "full_minus_base_pp": 80.859375
    },
    {
      "seed": 202,
      "base_validation_accuracy": 1.0,
      "rtg_selected_batch": 1200,
      "recurrent_selected_batch": 1200,
      "rtg_optimizer_updates": 910,
      "recurrent_optimizer_updates": 910,
      "adapter_trainable_parameters": 2836,
      "base_parameters": 1290,
      "base_update_fraction": 0.0,
      "base_only_long": 0.18815104166666666,
      "iterated_base_long": 1.0,
      "rtg_step0_long": 0.9195963541666666,
      "rtg_full_long": 1.0,
      "rtg_no_write_long": 1.0,
      "rtg_no_inheritance_long": 1.0,
      "rtg_reset_m_long": 1.0,
      "rtg_gamma_zero_long": 1.0,
      "rtg_unbounded_long": 1.0,
      "recurrent_long": 1.0,
      "full_minus_recurrent_pp": 0.0,
      "full_minus_base_pp": 81.18489583333334
    },
    {
      "seed": 303,
      "base_validation_accuracy": 1.0,
      "rtg_selected_batch": 1200,
      "recurrent_selected_batch": 1200,
      "rtg_optimizer_updates": 903,
      "recurrent_optimizer_updates": 903,
      "adapter_trainable_parameters": 2836,
      "base_parameters": 1290,
      "base_update_fraction": 0.0,
      "base_only_long": 0.21321614583333334,
      "iterated_base_long": 1.0,
      "rtg_step0_long": 0.9127604166666666,
      "rtg_full_long": 1.0,
      "rtg_no_write_long": 1.0,
      "rtg_no_inheritance_long": 1.0,
      "rtg_reset_m_long": 1.0,
      "rtg_gamma_zero_long": 1.0,
      "rtg_unbounded_long": 1.0,
      "recurrent_long": 1.0,
      "full_minus_recurrent_pp": 0.0,
      "full_minus_base_pp": 78.67838541666666
    },
    {
      "seed": 404,
      "base_validation_accuracy": 1.0,
      "rtg_selected_batch": 1000,
      "recurrent_selected_batch": 1200,
      "rtg_optimizer_updates": 881,
      "recurrent_optimizer_updates": 881,
      "adapter_trainable_parameters": 2836,
      "base_parameters": 1290,
      "base_update_fraction": 0.0,
      "base_only_long": 0.19466145833333334,
      "iterated_base_long": 1.0,
      "rtg_step0_long": 0.951171875,
      "rtg_full_long": 1.0,
      "rtg_no_write_long": 1.0,
      "rtg_no_inheritance_long": 1.0,
      "rtg_reset_m_long": 1.0,
      "rtg_gamma_zero_long": 1.0,
      "rtg_unbounded_long": 1.0,
      "recurrent_long": 1.0,
      "full_minus_recurrent_pp": 0.0,
      "full_minus_base_pp": 80.53385416666666
    },
    {
      "seed": 505,
      "base_validation_accuracy": 1.0,
      "rtg_selected_batch": 1200,
      "recurrent_selected_batch": 1200,
      "rtg_optimizer_updates": 907,
      "recurrent_optimizer_updates": 907,
      "adapter_trainable_parameters": 2836,
      "base_parameters": 1290,
      "base_update_fraction": 0.0,
      "base_only_long": 0.19889322916666666,
      "iterated_base_long": 1.0,
      "rtg_step0_long": 0.9046223958333334,
      "rtg_full_long": 1.0,
      "rtg_no_write_long": 1.0,
      "rtg_no_inheritance_long": 1.0,
      "rtg_reset_m_long": 1.0,
      "rtg_gamma_zero_long": 1.0,
      "rtg_unbounded_long": 1.0,
      "recurrent_long": 1.0,
      "full_minus_recurrent_pp": 0.0,
      "full_minus_base_pp": 80.11067708333334
    }
  ]
}
